one.C1.<>m1(one.C2<X>) writes Root : one.C1.R3 invokes one.C2.m3() where { this -> X : *, Y -> X }
one.C1.C1() invokes java.lang.Object.Object()
one.C1.m2() writes Root : one.C1.R2 invokes one.C1.<>m1(one.C2<X>) where { X -> Root : one.C1.R1 }
one.C2.C2() invokes java.lang.Object.Object()
one.C2.m3() writes Y
