Cluster.Cluster() invokes java.lang.Object.Object()
Cluster.execute(int,int,int,Point[],boolean,int,int,float) writes Root invokes Cluster.zscoreTransform(Point[],int,int), Normal.execute() where { this -> Root : * }, RandomType.random_seed(long) where { this -> Root : * }, java.io.PrintStream.println(java.lang.String) where { this -> Root : * }, java.lang.System.nanoTime() where { this -> Root : * }
Cluster.extractMoments(float[],int,int) writes Root invokes java.lang.Math.pow(double,double) where { this -> Root : * }
Cluster.getBestNclusters() reads Root
Cluster.getClusterCentres() reads Root
Cluster.zscoreTransform(Point[],int,int) writes Root invokes Cluster.extractMoments(float[],int,int), Point.getFeature(int) where { this -> Root : * }, Point.setFeature(float,int) where { this -> Root : * }, java.lang.Math.sqrt(double) where { this -> Root : * }
CommonUtil.CommonUtil() invokes java.lang.Object.Object()
CommonUtil.euclidDist2(float[],float[],int) reads Root
CommonUtil.findNearestPoint(float[],int,float[][],int) reads Root invokes CommonUtil.euclidDist2(float[],float[],int)
KMeans.KMeans(java.lang.String,int,int,int,boolean,float) writes Root invokes java.lang.Object.Object()
KMeans.dumpInput() reads Root invokes java.io.PrintStream.print(java.lang.Object) where { this -> Root : * }, java.io.PrintStream.println(java.lang.String) where { this -> Root : * }
KMeans.main(java.lang.String[]) reads Root invokes KMeans.makeClusters() where { this -> Root : * }, KMeans.printResult() where { this -> Root : * }, KMeans.readInput() where { this -> Root : * }, KMeans.usage(), java.lang.Integer.parseInt(java.lang.String) where { this -> Root : * }, java.lang.System.exit(int) where { this -> Root : * }
KMeans.makeClusters() writes Root invokes Cluster.execute(int,int,int,Point[],boolean,int,int,float) where { this -> Root : * }, Cluster.getBestNclusters() where { this -> Root : * }, Cluster.getClusterCentres() where { this -> Root : * }, Point.copy() where { this -> Root : * }
KMeans.printResult() reads Root invokes java.io.PrintStream.print(java.lang.String) where { this -> Root : * }, java.io.PrintStream.println() where { this -> Root : * }
KMeans.readInput() writes Root invokes Point.setFeature(float,int) where { this -> Root : * }, java.io.BufferedReader.close() where { this -> Root : * }, java.io.BufferedReader.readLine() where { this -> Root : * }, java.lang.Float.parseFloat(java.lang.String) where { this -> Root : * }, java.lang.Throwable.printStackTrace() where { this -> Root : * }, java.util.StringTokenizer.hasMoreElements() where { this -> Root : * }, java.util.StringTokenizer.nextToken() where { this -> Root : * }
KMeans.usage() invokes java.io.PrintStream.println(java.lang.String) where { this -> Root : * }
Normal.Normal(int,Point[],int,int,int,float,RandomType) writes Root invokes java.lang.Object.Object()
Normal.commuteFunc(int,int) writes Root invokes Point.getFeature(int) where { this -> Root : * }, java.util.concurrent.locks.ReentrantLock.lock() where { this -> Root : * }, java.util.concurrent.locks.ReentrantLock.unlock() where { this -> Root : * }
Normal.execute() writes Root invokes Normal.work(), Point.getFeature(int) where { this -> Root : * }, RandomType.random_generate() where { this -> Root : * }
Normal.work() reads Root invokes CommonUtil.findNearestPoint(float[],int,float[][],int) where { this -> Root : * }, Normal.commuteFunc(int,int), Point.getFeatures() where { this -> Root : * }, java.lang.System.nanoTime() where { this -> Root : * }
Point.Point(int) writes Root invokes java.lang.Object.Object()
Point.addFeatures(float[]) writes Root
Point.clear() writes Root
Point.copy() reads Root invokes Point.setFeature(float,int) where { this -> Root : * }
Point.getFeature(int) reads Root
Point.getFeatures() reads Root
Point.getMembership() reads Root
Point.getNumFeatures() reads Root
Point.setFeature(float,int) writes Root
Point.setMembership(int) writes Root
Point.toString() reads Root invokes java.lang.StringBuilder.append(float) where { this -> Root : * }, java.lang.StringBuilder.append(java.lang.String) where { this -> Root : * }, java.lang.StringBuilder.toString() where { this -> Root : * } overrides java.lang.Object.toString()
Point.updateMembership(int) writes Root
PointPool.PointPool(int,int,float,int) writes Root invokes java.lang.Object.Object()
PointPool.clear() reads Root invokes Point.clear() where { this -> Root : * }, java.util.concurrent.ConcurrentHashMap.clear() where { this -> Root : * }
PointPool.getObjectSum() reads Root invokes Point.addFeatures(float[]) where { this -> Root : * }, Point.getFeatures() where { this -> Root : * }
PointPool.getSumFeature() reads Root
PointPool.putPoint(Point) reads Root invokes java.util.concurrent.ConcurrentHashMap.put(K,V) where { this -> Root : * }
PointPool.size() reads Root invokes java.util.concurrent.ConcurrentHashMap.size() where { this -> Root : * }
RandomType.RandomType() writes Root invokes RandomType.init_genrand(long), java.lang.Object.Object()
RandomType.init_genrand(long) writes Root
RandomType.random_generate() writes Root invokes RandomType.init_genrand(long)
RandomType.random_seed(long) invokes RandomType.init_genrand(long)
