Cluster.Cluster() pure
Cluster.execute(int,int,int,Point[],boolean,int,int,float) writes Root
Cluster.extractMoments(float[],int,int) writes Root
Cluster.getBestNclusters() reads Root
Cluster.getClusterCentres() reads Root
Cluster.zscoreTransform(Point[],int,int) writes Root
CommonUtil.CommonUtil() pure
CommonUtil.euclidDist2(float[],float[],int) reads Root
CommonUtil.findNearestPoint(float[],int,float[][],int) reads Root
KMeans.KMeans(java.lang.String,int,int,int,boolean,float) writes Root
KMeans.dumpInput() reads Root
KMeans.main(java.lang.String[]) writes Root
KMeans.makeClusters() writes Root
KMeans.printResult() reads Root
KMeans.readInput() writes Root
KMeans.usage() pure
Normal.Normal(int,Point[],int,int,int,float,RandomType) writes Root
Normal.commuteFunc(int,int) writes Root
Normal.execute() writes Root
Normal.work() writes Root
Point.Point(int) writes Root
Point.addFeatures(float[]) writes Root
Point.clear() writes Root
Point.copy() writes Root
Point.getFeature(int) reads Root
Point.getFeatures() reads Root
Point.getMembership() reads Root
Point.getNumFeatures() reads Root
Point.setFeature(float,int) writes Root
Point.setMembership(int) writes Root
Point.toString() reads Root
Point.updateMembership(int) writes Root
PointPool.PointPool(int,int,float,int) writes Root
PointPool.clear() writes Root
PointPool.getObjectSum() writes Root
PointPool.getSumFeature() reads Root
PointPool.putPoint(Point) reads Root
PointPool.size() reads Root
RandomType.RandomType() writes Root
RandomType.init_genrand(long) writes Root
RandomType.random_generate() writes Root
RandomType.random_seed(long) writes Root
