flatregion.simplemethodeffects.SimpleMethodEffects.SimpleMethodEffects() invokes java.lang.Object.Object()
flatregion.simplemethodeffects.SimpleMethodEffects.m1(java.util.Date) invokes flatregion.simplemethodeffects.SimpleMethodEffects.m2(java.util.Date)
flatregion.simplemethodeffects.SimpleMethodEffects.m2(java.util.Date) writes Root : flatregion.simplemethodeffects.SimpleMethodEffects.r1
