arrays.ArraySummer.ArraySummer(int[]<R1 : [i]>#i) pure
arrays.ArraySummer.main(java.lang.String[]) reads Root : arrays.ArraySummer.r1 : [?] writes Root : arrays.ArraySummer.r1 : [0], Root : arrays.ArraySummer.r1 : [1], Root : arrays.ArraySummer.r1 : [2], Root : arrays.ArraySummer.r1 : [3], Root : arrays.ArraySummer.r1 : [4], Root : arrays.ArraySummer.r2
arrays.ArraySummer.sumArray() reads R1 : [?], R2
